\BOOKMARK [1][-]{section.1}{\376\377\000L\000o\000v\000e\000\040\000o\000g\000\040\000R\000e\000g\000l\000e\000r}{}% 1
\BOOKMARK [2][-]{subsection.1.1}{\376\377\000S\000e\000r\000i\000e\000o\000p\000s\000t\000i\000l\000l\000i\000n\000g\000e\000r}{section.1}% 2
\BOOKMARK [2][-]{subsection.1.2}{\376\377\000P\000a\000r\000a\000l\000l\000e\000l\000o\000p\000s\000t\000i\000l\000l\000i\000n\000g}{section.1}% 3
\BOOKMARK [3][-]{subsubsection.1.2.1}{\376\377\000S\000p\000e\000c\000i\000e\000l\000t\000\040\000f\000o\000r\000\040\000n\000e\000t\000o\000p\000\040\000t\000o\000\040\000m\000o\000d\000s\000t\000a\000n\000d\000e}{subsection.1.2}% 4
\BOOKMARK [2][-]{subsection.1.3}{\376\377\000T\000h\000e\000v\000e\000n\000i\000n\000\040\000o\000g\000\040\000N\000o\000r\000t\000o\000n}{section.1}% 5
\BOOKMARK [3][-]{subsubsection.1.3.1}{\376\377\000K\000i\000l\000d\000e\000t\000r\000a\000n\000s\000f\000o\000r\000m\000a\000t\000i\000o\000n}{subsection.1.3}% 6
\BOOKMARK [2][-]{subsection.1.4}{\376\377\000B\000o\000o\000l\000s\000k\000\040\000A\000l\000g\000e\000b\000r\000a}{section.1}% 7
\BOOKMARK [2][-]{subsection.1.5}{\376\377\000D\000i\000g\000i\000t\000a\000l\000e\000\040\000b\000y\000g\000g\000e\000b\000l\000o\000k\000k\000e}{section.1}% 8
\BOOKMARK [2][-]{subsection.1.6}{\376\377\000I\000k\000k\000e\000\040\000l\000i\000n\000e\000\346\000e\000r\000e\000\040\000k\000o\000m\000p\000o\000n\000e\000n\000t\000e\000r}{section.1}% 9
\BOOKMARK [3][-]{subsubsection.1.6.1}{\376\377\000D\000i\000o\000d\000e\000r}{subsection.1.6}% 10
\BOOKMARK [3][-]{subsubsection.1.6.2}{\376\377\000T\000r\000a\000n\000s\000i\000s\000t\000o\000r\000e\000r}{subsection.1.6}% 11
\BOOKMARK [1][-]{section.2}{\376\377\000M\000a\000t\000e\000m\000a\000t\000i\000k}{}% 12
\BOOKMARK [2][-]{subsection.2.1}{\376\377\000P\000a\000n\000s\000e\000r\000f\000o\000r\000m\000l\000e\000n}{section.2}% 13
\BOOKMARK [1][-]{section.3}{\376\377\000K\000o\000m\000p\000o\000n\000e\000n\000t\000e\000r}{}% 14
\BOOKMARK [2][-]{subsection.3.1}{\376\377\000L\000i\000n\000e\000\346\000r\000e\000\040\000K\000o\000m\000p\000o\000n\000e\000n\000t\000e\000r\000,\000\040\000L\000e\000k\000s\000i\000k\000o\000n}{section.3}% 15
\BOOKMARK [2][-]{subsection.3.2}{\376\377\000A\000n\000d\000r\000e\000\040\000g\000a\000t\000e\000s\000\040\000l\000a\000v\000e\000t\000\040\000a\000f\000\040\000N\000A\000N\000D}{section.3}% 16
\BOOKMARK [2][-]{subsection.3.3}{\376\377\000O\000p\000a\000m\000p\000\040\000k\000o\000b\000l\000i\000n\000g\000e\000r}{section.3}% 17
\BOOKMARK [2][-]{subsection.3.4}{\376\377\000F\000l\000i\000p\000-\000F\000l\000o\000p\000s}{section.3}% 18
\BOOKMARK [3][-]{subsubsection.3.4.1}{\376\377\000T\000-\000t\000y\000p\000e}{subsection.3.4}% 19
\BOOKMARK [3][-]{subsubsection.3.4.2}{\376\377\000S\000R\000-\000t\000y\000p\000e}{subsection.3.4}% 20
\BOOKMARK [3][-]{subsubsection.3.4.3}{\376\377\000J\000K\000-\000t\000y\000p\000e}{subsection.3.4}% 21
\BOOKMARK [3][-]{subsubsection.3.4.4}{\376\377\000D\000-\000t\000y\000p\000e}{subsection.3.4}% 22
\BOOKMARK [1][-]{section.4}{\376\377\000K\000o\000g\000e\000b\000\370\000g\000e\000r}{}% 23
